com/gdxsoft/easyweb/global/EwaValid.class
com/gdxsoft/easyweb/script/messageQueue/MsgQueue.class
com/gdxsoft/easyweb/conf/ConfExtraGlobals.class
com/gdxsoft/easyweb/cache/SqlCachedRedisSingleImpl.class
com/gdxsoft/easyweb/script/servlets/ServletWorkflow.class
com/gdxsoft/easyweb/script/validOp/IOp.class
com/gdxsoft/easyweb/script/template/Description.class
com/gdxsoft/easyweb/define/database/maps/Maps.class
com/gdxsoft/easyweb/define/group/dao/EwaModData.class
com/gdxsoft/easyweb/utils/IHandleJsonBinary.class
com/gdxsoft/easyweb/define/database/maps/MapFieldType.class
com/gdxsoft/easyweb/log/LogBase.class
com/gdxsoft/easyweb/script/display/items/ItemEwaConfigItem.class
com/gdxsoft/easyweb/global/EwaEvents.class
com/gdxsoft/easyweb/define/bussinessXmlCreator/BusinessXmlCreateParams.class
com/gdxsoft/easyweb/define/group/dao/EwaModCfgsDao.class
com/gdxsoft/easyweb/script/ValidCode1.class
com/gdxsoft/easyweb/script/display/action/ActionJSONParameter.class
com/gdxsoft/easyweb/datasource/ClassDaoBase.class
com/gdxsoft/easyweb/define/group/ModuleImport.class
com/gdxsoft/easyweb/data/DTCell.class
com/gdxsoft/easyweb/conf/ConfValidOp.class
com/gdxsoft/easyweb/script/template/XItem.class
com/gdxsoft/easyweb/script/display/MenuItem.class
com/gdxsoft/easyweb/script/display/HtmlPage.class
com/gdxsoft/easyweb/uploader/BeanControler.class
com/gdxsoft/easyweb/define/database/TableIndex.class
com/gdxsoft/easyweb/script/display/TreeOtherIcons.class
com/gdxsoft/easyweb/uploader/PostData.class
com/gdxsoft/easyweb/script/servlets/ServletResources.class
com/gdxsoft/easyweb/script/display/frame/FrameFrame.class
com/gdxsoft/easyweb/define/servlets/ServletWorkflow.class
com/gdxsoft/easyweb/script/Workflow/OWfConnection.class
com/gdxsoft/easyweb/data/KeyValuePair.class
com/gdxsoft/easyweb/script/display/frame/FrameLogic.class
com/gdxsoft/easyweb/define/bussinessXmlCreator/EwaDefineConfig$TmpConfig.class
com/gdxsoft/easyweb/data/DTRow.class
com/gdxsoft/easyweb/script/display/HtmlCreator.class
com/gdxsoft/easyweb/script/display/TreeViewMain.class
com/gdxsoft/easyweb/script/display/action/ActionListFrame.class
com/gdxsoft/easyweb/cache/ConfigCacheWidthSqlCached.class
com/gdxsoft/easyweb/script/display/action/ActionJSON.class
com/gdxsoft/easyweb/script/template/EwaConfig.class
com/gdxsoft/easyweb/script/Workflow/WfUnits.class
com/gdxsoft/easyweb/conf/ConfHandleWebSocketMessages.class
com/gdxsoft/easyweb/define/UserXmlItem.class
com/gdxsoft/easyweb/datasource/CreateJsonData.class
com/gdxsoft/easyweb/conf/ConfSOffice.class
com/gdxsoft/easyweb/define/group/ModulePublish.class
com/gdxsoft/easyweb/data/DTIndex.class
com/gdxsoft/easyweb/define/bussinessXmlCreator/EwaDefineConfig$ButtonConfig.class
com/gdxsoft/easyweb/script/template/SkinScriptVersion.class
com/gdxsoft/easyweb/define/bussinessXmlCreator/BusinessXmlCreatorTree.class
com/gdxsoft/easyweb/script/HtmlUploader.class
com/gdxsoft/easyweb/conf/ConfHandleWebSocketMessage.class
com/gdxsoft/easyweb/utils/UDataUtils.class
com/gdxsoft/easyweb/script/display/frame/FrameListGroup.class
com/gdxsoft/easyweb/global/EwaInfos.class
com/gdxsoft/easyweb/datasource/IClassDao.class
com/gdxsoft/easyweb/data/XmlData.class
com/gdxsoft/easyweb/data/export/DbfExport.class
com/gdxsoft/easyweb/datasource/DataConnection.class
com/gdxsoft/easyweb/websocket/LoadHandleMessage.class
com/gdxsoft/easyweb/script/display/action/ActionFrame.class
com/gdxsoft/easyweb/define/database/maps/MapFieldTypes.class
com/gdxsoft/easyweb/document/OdfLevel.class
com/gdxsoft/easyweb/define/UserDirXmls.class
com/gdxsoft/easyweb/script/servlets/GZIPEncodableResponse.class
com/gdxsoft/easyweb/cache/ConfigCache.class
com/gdxsoft/easyweb/datasource/DataHelper.class
com/gdxsoft/easyweb/script/template/EwaConfigPage.class
com/gdxsoft/easyweb/script/Workflow/EwaWfMain.class
com/gdxsoft/easyweb/script/Workflow/WfUnit.class
com/gdxsoft/easyweb/data/export/IExport.class
com/gdxsoft/easyweb/data/DTIndexes.class
com/gdxsoft/easyweb/datasource/CreateSplitData.class
com/gdxsoft/easyweb/define/EwaConfHelpHSqlServer.class
com/gdxsoft/easyweb/conf/ConfShowflake.class
com/gdxsoft/easyweb/datasource/SearchParameter.class
com/gdxsoft/easyweb/conf/ConfScriptPath.class
com/gdxsoft/easyweb/define/UserXml.class
com/gdxsoft/easyweb/script/html/HtmlDocument.class
com/gdxsoft/easyweb/define/FileConf2JdbcConf.class
com/gdxsoft/easyweb/sync/Database.class
com/gdxsoft/easyweb/define/Sync.class
com/gdxsoft/easyweb/script/Workflow/IOrgMain.class
com/gdxsoft/easyweb/utils/UObjectValue.class
com/gdxsoft/easyweb/define/UpdateXmlJdbcImpl.class
com/gdxsoft/easyweb/conf/EwaConfCreator$DbConfig.class
com/gdxsoft/easyweb/define/group/FixTableOrField.class
com/gdxsoft/easyweb/datasource/UpdateChanges.class
com/gdxsoft/easyweb/script/display/action/ActionJSONSign$1.class
com/gdxsoft/easyweb/utils/HandleJsonBinaryBase64Impl.class
com/gdxsoft/easyweb/script/Workflow/OrgUser.class
com/gdxsoft/easyweb/script/template/XItems.class
com/gdxsoft/easyweb/script/display/items/ItemUserControl.class
com/gdxsoft/easyweb/conf/ConfRedis.class
com/gdxsoft/easyweb/install/Install.class
com/gdxsoft/easyweb/data/Bin2Base64BinaryHandle.class
com/gdxsoft/easyweb/define/FileComprator.class
com/gdxsoft/easyweb/conf/ConfExtraGlobal.class
com/gdxsoft/easyweb/script/display/frame/FrameMenu.class
com/gdxsoft/easyweb/define/UserXmls$1.class
com/gdxsoft/easyweb/define/servlets/ApiTokenValidator.class
com/gdxsoft/easyweb/script/PageValues.class
com/gdxsoft/easyweb/script/servlets/ServletMain.class
com/gdxsoft/easyweb/define/UserXmls.class
com/gdxsoft/easyweb/define/Dirs$MyVisitor.class
com/gdxsoft/easyweb/script/template/XItemParameter.class
com/gdxsoft/easyweb/script/display/action/extend/ExtOpts.class
com/gdxsoft/easyweb/script/display/action/extend/ExtOpt.class
com/gdxsoft/easyweb/define/database/DataSql.class
com/gdxsoft/easyweb/define/group/GroupSqls.class
com/gdxsoft/easyweb/define/servlets/ServletGroup.class
com/gdxsoft/easyweb/script/display/items/ItemSignature.class
com/gdxsoft/easyweb/define/UpdateCfgXml.class
com/gdxsoft/easyweb/conf/ConfScriptPaths.class
com/gdxsoft/easyweb/debug/DebugFrames.class
com/gdxsoft/easyweb/define/SyncRemotes.class
com/gdxsoft/easyweb/script/Workflow/EwaWfUnitDao.class
com/gdxsoft/easyweb/datasource/UpdateChange.class
com/gdxsoft/easyweb/define/bussinessXmlCreator/EwaDefineConfig$PageInfoConfig.class
com/gdxsoft/easyweb/define/database/MapType.class
com/gdxsoft/easyweb/define/group/ModuleBase.class
com/gdxsoft/easyweb/datasource/PageSplit.class
com/gdxsoft/easyweb/utils/fileConvert/OpenOfficeInstance.class
com/gdxsoft/easyweb/h5Storage/Resource.class
com/gdxsoft/easyweb/define/DefineAcl.class
com/gdxsoft/easyweb/define/SyncRemote.class
com/gdxsoft/easyweb/script/ValidSlidePuzzle.class
com/gdxsoft/easyweb/script/display/frame/FrameMultiGrid.class
com/gdxsoft/easyweb/script/display/frame/FrameBase.class
com/gdxsoft/easyweb/define/bussinessXmlCreator/EwaDefineSettings$FramePageSettings.class
com/gdxsoft/easyweb/cache/CachedValueManager.class
com/gdxsoft/easyweb/script/userConfig/FileConfig.class
com/gdxsoft/easyweb/script/servlets/ServletCrossDomain.class
com/gdxsoft/easyweb/define/UpdateCfgSqlSetData.class
com/gdxsoft/easyweb/data/export/ExcelExport.class
com/gdxsoft/easyweb/h5Storage/Group.class
com/gdxsoft/easyweb/script/display/HtmlCombine.class
com/gdxsoft/easyweb/script/Workflow/OWfUnit.class
com/gdxsoft/easyweb/define/database/Triger.class
com/gdxsoft/easyweb/define/Dir.class
com/gdxsoft/easyweb/script/display/TreeViewNode.class
com/gdxsoft/easyweb/define/group/dao/EwaMod.class
com/gdxsoft/easyweb/cache/SqlCachedRedisBase.class
com/gdxsoft/easyweb/define/database/DiffTable.class
com/gdxsoft/easyweb/conf/ConfDefine.class
com/gdxsoft/easyweb/define/SyncFile.class
com/gdxsoft/easyweb/script/template/XItemParameters.class
com/gdxsoft/easyweb/script/userConfig/UserXItemValues.class
com/gdxsoft/easyweb/script/servlets/GZIPServletStream.class
com/gdxsoft/easyweb/cache/SqlCachedRedisImpl.class
com/gdxsoft/easyweb/define/group/dao/EwaModVerDao.class
com/gdxsoft/easyweb/conf/ConnectionConfig.class
com/gdxsoft/easyweb/script/display/items/ItemButton.class
com/gdxsoft/easyweb/sync/Record.class
com/gdxsoft/easyweb/websocket/IHandleMsg.class
com/gdxsoft/easyweb/script/Workflow/OrgPost.class
com/gdxsoft/easyweb/websocket/EwaWebSocketConfigure.class
com/gdxsoft/easyweb/define/ConfigUtils.class
com/gdxsoft/easyweb/script/Workflow/OrgMainDemoImpl.class
com/gdxsoft/easyweb/script/RequestValue.class
com/gdxsoft/easyweb/script/display/frame/FrameCombine.class
com/gdxsoft/easyweb/script/display/HtmlUtils.class
com/gdxsoft/easyweb/global/EwaInfo.class
com/gdxsoft/easyweb/script/Workflow/OrgDept.class
com/gdxsoft/easyweb/script/display/ItemValues.class
com/gdxsoft/easyweb/script/display/action/IActionProvider.class
com/gdxsoft/easyweb/define/UserXmlItems.class
com/gdxsoft/easyweb/data/DTColumn.class
com/gdxsoft/easyweb/app/AppResources.class
com/gdxsoft/easyweb/conf/ConfAdmin.class
com/gdxsoft/easyweb/define/group/dao/EwaModDownload.class
com/gdxsoft/easyweb/data/DTRows.class
com/gdxsoft/easyweb/script/userConfig/IConfig.class
com/gdxsoft/easyweb/document/IWord.class
com/gdxsoft/easyweb/script/display/items/ItemUser.class
com/gdxsoft/easyweb/define/bussinessXmlCreator/BusinessXmlCreator.class
com/gdxsoft/easyweb/define/CreateCert.class
com/gdxsoft/easyweb/conf/ConfRedises.class
com/gdxsoft/easyweb/define/servlets/ApiTokenValidator$ValidationResult.class
com/gdxsoft/easyweb/script/servlets/FileOut.class
com/gdxsoft/easyweb/define/bussinessXmlCreator/EwaDefineConfig$AddConfig.class
com/gdxsoft/easyweb/datasource/DataResult.class
com/gdxsoft/easyweb/define/servlets/ServletXml.class
com/gdxsoft/easyweb/define/database/Table.class
com/gdxsoft/easyweb/conf/ConfRequestValuesGlobal.class
com/gdxsoft/easyweb/script/display/action/ActionComplex.class
com/gdxsoft/easyweb/script/display/frame/FrameParameters.class
com/gdxsoft/easyweb/define/database/Schema.class
com/gdxsoft/easyweb/debug/DebugInfo.class
com/gdxsoft/easyweb/script/display/action/ActionTree.class
com/gdxsoft/easyweb/script/restful/ApiDocumentation.class
com/gdxsoft/easyweb/define/group/IGroupView.class
com/gdxsoft/easyweb/script/userConfig/UserXItemValue.class
com/gdxsoft/easyweb/conf/ConfSecurities.class
com/gdxsoft/easyweb/global/EwaSettings.class
com/gdxsoft/easyweb/script/display/action/ActionMultiGrid.class
com/gdxsoft/easyweb/function/Snowflake.class
com/gdxsoft/easyweb/log/ILog.class
com/gdxsoft/easyweb/data/export/TxtExport.class
com/gdxsoft/easyweb/define/bussinessXmlCreator/BusinessXmlCreatorBase.class
com/gdxsoft/easyweb/define/UpdateCfgScriptSetData.class
com/gdxsoft/easyweb/script/userConfig/UserXItems.class
com/gdxsoft/easyweb/cache/CachedXmlFileMeta.class
com/gdxsoft/easyweb/script/display/AjaxParameters.class
com/gdxsoft/easyweb/conf/ConfSecurity.class
com/gdxsoft/easyweb/cache/CacheGroup.class
com/gdxsoft/easyweb/define/group/dao/EwaModCfgs.class
com/gdxsoft/easyweb/define/group/SqlTable.class
com/gdxsoft/easyweb/datasource/EwaSqlFunctions.class
com/gdxsoft/easyweb/script/userConfig/UserXItem.class
com/gdxsoft/easyweb/debug/DebugFrame.class
com/gdxsoft/easyweb/websocket/HandleEwaImpl.class
com/gdxsoft/easyweb/script/display/action/JavaScript.class
com/gdxsoft/easyweb/utils/fileConvert/File2Html.class
com/gdxsoft/easyweb/define/IUpdateXml.class
com/gdxsoft/easyweb/script/validOp/OpJdbcDempImpl.class
com/gdxsoft/easyweb/script/display/SysParameters.class
com/gdxsoft/easyweb/define/group/dao/EwaModDdlDao.class
com/gdxsoft/easyweb/define/Dirs.class
com/gdxsoft/easyweb/function/EwaFunctions.class
com/gdxsoft/easyweb/script/Workflow/EwaWfDao.class
com/gdxsoft/easyweb/define/group/dao/EwaModImportLog.class
com/gdxsoft/easyweb/script/Workflow/OrgMain.class
com/gdxsoft/easyweb/define/UpdateWorkflow.class
com/gdxsoft/easyweb/script/servlets/GZipOut.class
com/gdxsoft/easyweb/define/UpdateXmlBase.class
com/gdxsoft/easyweb/script/HtmlControl.class
com/gdxsoft/easyweb/define/group/dao/EwaModDownloadDao.class
com/gdxsoft/easyweb/define/EwaMainInfo.class
com/gdxsoft/easyweb/script/userConfig/ConfigBase.class
com/gdxsoft/easyweb/script/template/XItemParameterValue.class
com/gdxsoft/easyweb/define/database/Fields.class
com/gdxsoft/easyweb/document/OdtWorker.class
com/gdxsoft/easyweb/define/group/dao/EwaModDao.class
com/gdxsoft/easyweb/debug/DebugRecords.class
com/gdxsoft/easyweb/cache/JedisKey.class
com/gdxsoft/easyweb/define/UpdateXmlImpl.class
com/gdxsoft/easyweb/script/html/HtmlScript.class
com/gdxsoft/easyweb/datasource/SearchParameterInit.class
com/gdxsoft/easyweb/log/Log.class
com/gdxsoft/easyweb/utils/ObjectNull.class
com/gdxsoft/easyweb/datasource/SqlPart.class
com/gdxsoft/easyweb/define/bussinessXmlCreator/SqlValidator$ValidationResult.class
com/gdxsoft/easyweb/script/display/frame/IFrame.class
com/gdxsoft/easyweb/script/Workflow/EwaWfCnn.class
com/gdxsoft/easyweb/datasource/ReverseIds.class
com/gdxsoft/easyweb/cache/ISqlCached.class
com/gdxsoft/easyweb/script/display/TreeOtherIcon.class
com/gdxsoft/easyweb/websocket/EwaWebSocketContainer.class
com/gdxsoft/easyweb/define/servlets/ServletIndex.class
com/gdxsoft/easyweb/conf/ConfEwaFunction.class
com/gdxsoft/easyweb/script/display/MenuMain.class
com/gdxsoft/easyweb/script/display/items/ItemComplex.class
com/gdxsoft/easyweb/conf/ConfNameValuePair.class
com/gdxsoft/easyweb/define/SyncCfg.class
com/gdxsoft/easyweb/datasource/SqlUtils.class
com/gdxsoft/easyweb/define/EwaDefineMenu.class
com/gdxsoft/easyweb/define/group/dao/EwaModDdl.class
com/gdxsoft/easyweb/define/database/IndexField.class
com/gdxsoft/easyweb/script/ShortName.class
com/gdxsoft/easyweb/h5Storage/Tag.class
com/gdxsoft/easyweb/script/messageQueue/MsgBody.class
com/gdxsoft/easyweb/global/EwaSetting.class
com/gdxsoft/easyweb/global/EwaValids.class
com/gdxsoft/easyweb/script/Workflow/IEwaWfNotification.class
com/gdxsoft/easyweb/define/database/maps/MapFunction.class
com/gdxsoft/easyweb/script/display/action/ActionBase.class
com/gdxsoft/easyweb/script/display/HtmlClass.class
com/gdxsoft/easyweb/EwaWebPage.class
com/gdxsoft/easyweb/define/group/ModuleExport.class
com/gdxsoft/easyweb/script/display/items/ItemSwitch.class
com/gdxsoft/easyweb/data/HorTable.class
com/gdxsoft/easyweb/uploader/FileUploadListener.class
com/gdxsoft/easyweb/datasource/SqlIdentifierValidator.class
com/gdxsoft/easyweb/script/display/items/IItem.class
com/gdxsoft/easyweb/script/InitValues.class
com/gdxsoft/easyweb/script/Workflow/OrgSqls.class
com/gdxsoft/easyweb/script/validOp/OpBase.class
com/gdxsoft/easyweb/script/Workflow/OWfManager.class
com/gdxsoft/easyweb/script/display/items/ItemDataType.class
com/gdxsoft/easyweb/script/display/items/ItemBase.class
com/gdxsoft/easyweb/data/DTTable.class
com/gdxsoft/easyweb/EwaShortName.class
com/gdxsoft/easyweb/statusControl/St.class
com/gdxsoft/easyweb/cache/SqlCachedHsqldbImpl.class
com/gdxsoft/easyweb/define/group/GroupMySqlView.class
com/gdxsoft/easyweb/script/HtmlMobile.class
com/gdxsoft/easyweb/conf/ConfRestful.class
com/gdxsoft/easyweb/script/display/action/IAction.class
com/gdxsoft/easyweb/define/group/ModuleCopy.class
com/gdxsoft/easyweb/EwaShortNameManager.class
com/gdxsoft/easyweb/conf/ConfEwaFunctions.class
com/gdxsoft/easyweb/websocket/EwaWebSocketBus.class
com/gdxsoft/easyweb/conf/ConfRestfuls.class
com/gdxsoft/easyweb/datasource/EwaSqlFunction.class
com/gdxsoft/easyweb/script/display/frame/FrameGrid.class
com/gdxsoft/easyweb/document/DocUtils.class
com/gdxsoft/easyweb/script/template/EwaConfigFrame.class
com/gdxsoft/easyweb/define/group/dao/EwaModImportLogDao.class
com/gdxsoft/easyweb/define/database/Tables.class
com/gdxsoft/easyweb/script/display/HtmlItemDao.class
com/gdxsoft/easyweb/script/Workflow/EwaWf.class
com/gdxsoft/easyweb/conf/ConfAdmins.class
com/gdxsoft/easyweb/define/DefineParameters.class
com/gdxsoft/easyweb/script/Workflow/OWfLogic.class
com/gdxsoft/easyweb/define/group/dao/EwaModVer.class
com/gdxsoft/easyweb/define/database/DiffTables.class
com/gdxsoft/easyweb/script/Workflow/WfRst.class
com/gdxsoft/easyweb/define/group/Exchange.class
com/gdxsoft/easyweb/uploader/Upload.class
com/gdxsoft/easyweb/script/display/action/ActionJSONParameterListTag.class
com/gdxsoft/easyweb/statusControl/LgV.class
com/gdxsoft/easyweb/define/CodeFormat.class
com/gdxsoft/easyweb/cache/CacheLoadResult.class
com/gdxsoft/easyweb/datasource/ClassBase.class
com/gdxsoft/easyweb/script/userConfig/JdbcConfig.class
com/gdxsoft/easyweb/script/display/HtmlCombineItem.class
com/gdxsoft/easyweb/script/display/items/ItemRepeat.class
com/gdxsoft/easyweb/define/UserTableViewXmls.class
com/gdxsoft/easyweb/script/html/HtmlScripts.class
com/gdxsoft/easyweb/script/display/items/ItemCombine.class
com/gdxsoft/easyweb/datasource/DataSourceShutdownListener.class
com/gdxsoft/easyweb/script/template/Skin.class
com/gdxsoft/easyweb/define/database/TablePk.class
com/gdxsoft/easyweb/define/database/SqlSyntaxCheck.class
com/gdxsoft/easyweb/conf/ConfAddedResource.class
com/gdxsoft/easyweb/utils/UCombine.class
com/gdxsoft/easyweb/script/template/SkinFrameLang.class
com/gdxsoft/easyweb/script/PageValue.class
com/gdxsoft/easyweb/define/bussinessXmlCreator/SqlValidator.class
com/gdxsoft/easyweb/script/display/HtmlCombineGrp.class
com/gdxsoft/easyweb/cache/CacheEwaScript.class
com/gdxsoft/easyweb/statusControl/StatusControl.class
com/gdxsoft/easyweb/script/template/SkinFrame.class
com/gdxsoft/easyweb/define/database/maps/MapSqlTemplate.class
com/gdxsoft/easyweb/script/userConfig/ResourceConfig.class
com/gdxsoft/easyweb/script/validOp/OpSessionImpl.class
com/gdxsoft/easyweb/define/UserDirXmls$1.class
com/gdxsoft/easyweb/script/display/action/ActionCombine.class
com/gdxsoft/easyweb/script/display/items/ItemImage.class
com/gdxsoft/easyweb/document/OoWord.class
com/gdxsoft/easyweb/define/servlets/UpdateCfgAction.class
com/gdxsoft/easyweb/utils/fileConvert/Html2Docx.class
com/gdxsoft/easyweb/script/Workflow/SysCfg/InnerPara.class
com/gdxsoft/easyweb/script/servlets/ServletStatus.class
com/gdxsoft/easyweb/define/servlets/HandleRemoteSync.class
com/gdxsoft/easyweb/conf/ConfAddedResources.class
com/gdxsoft/easyweb/cache/ConfigStatus.class
com/gdxsoft/easyweb/Cert.class
com/gdxsoft/easyweb/uploader/UploaderUserTemplate.class
com/gdxsoft/easyweb/document/MsWord.class
com/gdxsoft/easyweb/data/DTColumns.class
com/gdxsoft/easyweb/define/bussinessXmlCreator/EwaDefineConfig$FrameConfig.class
com/gdxsoft/easyweb/script/project/ResourceDao.class
com/gdxsoft/easyweb/script/display/ItemFormat.class
com/gdxsoft/easyweb/define/bussinessXmlCreator/EwaDefineConfig.class
com/gdxsoft/easyweb/datasource/ScriptPostData.class
com/gdxsoft/easyweb/script/template/EwaConfigFrames.class
com/gdxsoft/easyweb/script/display/action/ActionJsonDdl.class
com/gdxsoft/easyweb/conf/ConfSqlCached.class
com/gdxsoft/easyweb/websocket/RvConfigure.class
com/gdxsoft/easyweb/define/database/MapDatabaseTypes.class
com/gdxsoft/easyweb/script/project/Project.class
com/gdxsoft/easyweb/define/database/DataXml.class
com/gdxsoft/easyweb/log/SampleLog.class
com/gdxsoft/easyweb/script/servlets/ServletError.class
com/gdxsoft/easyweb/define/group/IGroupTable.class
com/gdxsoft/easyweb/script/template/SetBase.class
com/gdxsoft/easyweb/define/database/maps/MapFunctions.class
com/gdxsoft/easyweb/script/display/action/ActionJSONSign.class
com/gdxsoft/easyweb/define/database/Field.class
com/gdxsoft/easyweb/script/Workflow/EwaWfUnit.class
com/gdxsoft/easyweb/uploader/FileUploadStatus.class
com/gdxsoft/easyweb/define/bussinessXmlCreator/EwaDefineSettings$ListFramePageSettings.class
com/gdxsoft/easyweb/define/group/GroupMsSqlTable.class
com/gdxsoft/easyweb/data/IBinaryHandle.class
com/gdxsoft/easyweb/data/export/ExcelExport$1.class
com/gdxsoft/easyweb/statusControl/Lg.class
com/gdxsoft/easyweb/utils/USnowflake.class
com/gdxsoft/easyweb/script/servlets/ServletUpload.class
com/gdxsoft/easyweb/acl/IAcl.class
com/gdxsoft/easyweb/script/html/HtmlDoctype.class
com/gdxsoft/easyweb/script/Workflow/EwaWfCnnDao.class
com/gdxsoft/easyweb/uploader/FileUpload.class
com/gdxsoft/easyweb/script/display/action/CommonSqls.class
com/gdxsoft/easyweb/utils/fileConvert/File2Pdf.class
com/gdxsoft/easyweb/h5Storage/Resources.class
com/gdxsoft/easyweb/define/database/TableFk.class
com/gdxsoft/easyweb/script/userConfig/JdbcConfigOperation.class
com/gdxsoft/easyweb/script/PageValueTag.class
com/gdxsoft/easyweb/define/servlets/ApiTokenValidator$TokenInfo.class
com/gdxsoft/easyweb/script/template/EwaConfigItems.class
com/gdxsoft/easyweb/define/bussinessXmlCreator/EwaDefineConfig$ActionConfig.class
com/gdxsoft/easyweb/script/template/XItemParameterValues.class
com/gdxsoft/easyweb/script/messageQueue/MsgQueueManager.class
com/gdxsoft/easyweb/acl/IAcl2.class
com/gdxsoft/easyweb/script/display/items/ItemReportItem.class
com/gdxsoft/easyweb/script/servlets/ServletCode.class
com/gdxsoft/easyweb/define/servlets/ServletRemoteSync.class
com/gdxsoft/easyweb/define/servlets/ServletApi.class
com/gdxsoft/easyweb/script/ValidCode.class
com/gdxsoft/easyweb/define/bussinessXmlCreator/BusinessXmlCreatorListFrame.class
com/gdxsoft/easyweb/script/display/action/ActionSqlSetItem.class
com/gdxsoft/easyweb/datasource/BatchInsert.class
com/gdxsoft/easyweb/statusControl/StV.class
com/gdxsoft/easyweb/script/template/Descriptions.class
com/gdxsoft/easyweb/script/project/PageInfo.class
com/gdxsoft/easyweb/define/bussinessXmlCreator/EwaDefineConfig$ParaConfig.class
com/gdxsoft/easyweb/define/database/MapTypes.class
com/gdxsoft/easyweb/utils/fileConvert/Html2PdfByChrome.class
com/gdxsoft/easyweb/global/EwaEvent.class
com/gdxsoft/easyweb/define/group/ModuleDescription.class
com/gdxsoft/easyweb/define/group/GroupViewBase.class
com/gdxsoft/easyweb/data/DefaultBinaryHandle.class
com/gdxsoft/easyweb/script/display/action/ActionResult.class
com/gdxsoft/easyweb/script/display/frame/FrameList.class
com/gdxsoft/easyweb/script/template/SkinFrames.class
com/gdxsoft/easyweb/acl/SampleAcl.class
com/gdxsoft/easyweb/script/Workflow/OWfWorkflow.class
com/gdxsoft/easyweb/debug/DebugRecord.class
com/gdxsoft/easyweb/datasource/UpdateChangeRow.class
com/gdxsoft/easyweb/script/userConfig/UserConfig.class
com/gdxsoft/easyweb/data/Bin2HexBinaryHandle.class
com/gdxsoft/easyweb/script/ShortNames.class
com/gdxsoft/easyweb/script/display/frame/FrameTree.class
com/gdxsoft/easyweb/script/project/Resource.class
com/gdxsoft/easyweb/global/EwaGlobals.class
com/gdxsoft/easyweb/define/group/GroupTableBase.class
com/gdxsoft/easyweb/script/restful/RestfulResult.class
com/gdxsoft/easyweb/define/group/GroupMySqlTable.class
com/gdxsoft/easyweb/script/servlets/ServletRestful.class
com/gdxsoft/easyweb/conf/EwaConfCreator.class
com/gdxsoft/easyweb/define/UpdateCfgXItemData.class
com/gdxsoft/easyweb/SystemXmlUtils.class
com/gdxsoft/easyweb/data/export/XmlExport.class
com/gdxsoft/easyweb/script/display/frame/FrameReport.class
com/gdxsoft/easyweb/script/display/frame/FrameComplex.class
com/gdxsoft/easyweb/script/display/items/ItemQRCode.class
com/gdxsoft/easyweb/conf/ConnectionConfigs.class
com/gdxsoft/easyweb/define/group/ImportTables.class
com/gdxsoft/easyweb/define/bussinessXmlCreator/BusinessXmlCreatorFrame.class
com/gdxsoft/easyweb/acl/SampleAcl2.class
com/gdxsoft/easyweb/cache/CachedValue.class
com/gdxsoft/easyweb/define/bussinessXmlCreator/EwaDefineSettings.class
com/gdxsoft/easyweb/define/UpdateXml.class
com/gdxsoft/easyweb/cache/SqlCachedValue.class
com/gdxsoft/easyweb/define/group/GroupMsSqlView.class
com/gdxsoft/easyweb/cache/SqlCached.class
com/gdxsoft/easyweb/define/database/RunSQL.class
com/gdxsoft/easyweb/script/project/ProjectDao.class
com/gdxsoft/easyweb/define/database/maps/MapSqlTemplates.class
com/gdxsoft/easyweb/statusControl/Fm.class
com/gdxsoft/easyweb/define/group/dao/EwaModDataDao.class
