/Users/admin/java/com.gdxsoft/emp-script/src/main/java/com/gdxsoft/easyweb/script/html/HtmlDocument.java
/Users/admin/java/com.gdxsoft/emp-script/src/main/java/com/gdxsoft/easyweb/script/display/action/ActionCombine.java
/Users/admin/java/com.gdxsoft/emp-script/src/main/java/com/gdxsoft/easyweb/datasource/DataHelper.java
/Users/admin/java/com.gdxsoft/emp-script/src/main/java/com/gdxsoft/easyweb/define/group/ModuleBase.java
/Users/admin/java/com.gdxsoft/emp-script/src/main/java/com/gdxsoft/easyweb/script/display/frame/FrameTree.java
/Users/admin/java/com.gdxsoft/emp-script/src/main/java/com/gdxsoft/easyweb/define/bussinessXmlCreator/BusinessXmlCreatorListFrame.java
/Users/admin/java/com.gdxsoft/emp-script/src/main/java/com/gdxsoft/easyweb/define/servlets/ServletRemoteSync.java
/Users/admin/java/com.gdxsoft/emp-script/src/main/java/com/gdxsoft/easyweb/script/template/EwaConfigPage.java
/Users/admin/java/com.gdxsoft/emp-script/src/main/java/com/gdxsoft/easyweb/global/EwaValid.java
/Users/admin/java/com.gdxsoft/emp-script/src/main/java/com/gdxsoft/easyweb/define/group/GroupMySqlTable.java
/Users/admin/java/com.gdxsoft/emp-script/src/main/java/com/gdxsoft/easyweb/uploader/FileUploadStatus.java
/Users/admin/java/com.gdxsoft/emp-script/src/main/java/com/gdxsoft/easyweb/datasource/CreateJsonData.java
/Users/admin/java/com.gdxsoft/emp-script/src/main/java/com/gdxsoft/easyweb/script/userConfig/UserConfig.java
/Users/admin/java/com.gdxsoft/emp-script/src/main/java/com/gdxsoft/easyweb/define/servlets/ServletWorkflow.java
/Users/admin/java/com.gdxsoft/emp-script/src/main/java/com/gdxsoft/easyweb/script/project/Project.java
/Users/admin/java/com.gdxsoft/emp-script/src/main/java/com/gdxsoft/easyweb/data/export/DbfExport.java
/Users/admin/java/com.gdxsoft/emp-script/src/main/java/com/gdxsoft/easyweb/conf/ConfAdmin.java
/Users/admin/java/com.gdxsoft/emp-script/src/main/java/com/gdxsoft/easyweb/define/UserTableViewXmls.java
/Users/admin/java/com.gdxsoft/emp-script/src/main/java/com/gdxsoft/easyweb/script/display/frame/FrameGrid.java
/Users/admin/java/com.gdxsoft/emp-script/src/main/java/com/gdxsoft/easyweb/script/html/HtmlScript.java
/Users/admin/java/com.gdxsoft/emp-script/src/main/java/com/gdxsoft/easyweb/cache/CacheEwaScript.java
/Users/admin/java/com.gdxsoft/emp-script/src/main/java/com/gdxsoft/easyweb/script/display/action/ActionMultiGrid.java
/Users/admin/java/com.gdxsoft/emp-script/src/main/java/com/gdxsoft/easyweb/script/Workflow/IOrgMain.java
/Users/admin/java/com.gdxsoft/emp-script/src/main/java/com/gdxsoft/easyweb/script/display/HtmlItemDao.java
/Users/admin/java/com.gdxsoft/emp-script/src/main/java/com/gdxsoft/easyweb/cache/SqlCachedRedisSingleImpl.java
/Users/admin/java/com.gdxsoft/emp-script/src/main/java/com/gdxsoft/easyweb/define/bussinessXmlCreator/BusinessXmlCreatorTree.java
/Users/admin/java/com.gdxsoft/emp-script/src/main/java/com/gdxsoft/easyweb/data/export/IExport.java
/Users/admin/java/com.gdxsoft/emp-script/src/main/java/com/gdxsoft/easyweb/conf/ConfSOffice.java
/Users/admin/java/com.gdxsoft/emp-script/src/main/java/com/gdxsoft/easyweb/script/template/EwaConfig.java
/Users/admin/java/com.gdxsoft/emp-script/src/main/java/com/gdxsoft/easyweb/script/validOp/OpBase.java
/Users/admin/java/com.gdxsoft/emp-script/src/main/java/com/gdxsoft/easyweb/script/display/AjaxParameters.java
/Users/admin/java/com.gdxsoft/emp-script/src/main/java/com/gdxsoft/easyweb/define/servlets/ServletGroup.java
/Users/admin/java/com.gdxsoft/emp-script/src/main/java/com/gdxsoft/easyweb/conf/ConfRestful.java
/Users/admin/java/com.gdxsoft/emp-script/src/main/java/com/gdxsoft/easyweb/script/servlets/FileOut.java
/Users/admin/java/com.gdxsoft/emp-script/src/main/java/com/gdxsoft/easyweb/script/RequestValue.java
/Users/admin/java/com.gdxsoft/emp-script/src/main/java/com/gdxsoft/easyweb/acl/IAcl2.java
/Users/admin/java/com.gdxsoft/emp-script/src/main/java/com/gdxsoft/easyweb/debug/DebugInfo.java
/Users/admin/java/com.gdxsoft/emp-script/src/main/java/com/gdxsoft/easyweb/script/Workflow/OrgUser.java
/Users/admin/java/com.gdxsoft/emp-script/src/main/java/com/gdxsoft/easyweb/EwaShortNameManager.java
/Users/admin/java/com.gdxsoft/emp-script/src/main/java/com/gdxsoft/easyweb/cache/SqlCachedValue.java
/Users/admin/java/com.gdxsoft/emp-script/src/main/java/com/gdxsoft/easyweb/conf/ConfAdmins.java
/Users/admin/java/com.gdxsoft/emp-script/src/main/java/com/gdxsoft/easyweb/app/AppResources.java
/Users/admin/java/com.gdxsoft/emp-script/src/main/java/com/gdxsoft/easyweb/script/messageQueue/MsgQueueManager.java
/Users/admin/java/com.gdxsoft/emp-script/src/main/java/com/gdxsoft/easyweb/script/PageValue.java
/Users/admin/java/com.gdxsoft/emp-script/src/main/java/com/gdxsoft/easyweb/script/Workflow/OrgMain.java
/Users/admin/java/com.gdxsoft/emp-script/src/main/java/com/gdxsoft/easyweb/define/database/Table.java
/Users/admin/java/com.gdxsoft/emp-script/src/main/java/com/gdxsoft/easyweb/data/DTColumns.java
/Users/admin/java/com.gdxsoft/emp-script/src/main/java/com/gdxsoft/easyweb/script/userConfig/JdbcConfig.java
/Users/admin/java/com.gdxsoft/emp-script/src/main/java/com/gdxsoft/easyweb/statusControl/Lg.java
/Users/admin/java/com.gdxsoft/emp-script/src/main/java/com/gdxsoft/easyweb/define/UserXmlItems.java
/Users/admin/java/com.gdxsoft/emp-script/src/main/java/com/gdxsoft/easyweb/script/display/action/ActionBase.java
/Users/admin/java/com.gdxsoft/emp-script/src/main/java/com/gdxsoft/easyweb/document/IWord.java
/Users/admin/java/com.gdxsoft/emp-script/src/main/java/com/gdxsoft/easyweb/cache/SqlCachedRedisBase.java
/Users/admin/java/com.gdxsoft/emp-script/src/main/java/com/gdxsoft/easyweb/define/bussinessXmlCreator/SqlValidator.java
/Users/admin/java/com.gdxsoft/emp-script/src/main/java/com/gdxsoft/easyweb/define/EwaConfHelpHSqlServer.java
/Users/admin/java/com.gdxsoft/emp-script/src/main/java/com/gdxsoft/easyweb/install/Install.java
/Users/admin/java/com.gdxsoft/emp-script/src/main/java/com/gdxsoft/easyweb/define/group/dao/EwaModDao.java
/Users/admin/java/com.gdxsoft/emp-script/src/main/java/com/gdxsoft/easyweb/script/ShortName.java
/Users/admin/java/com.gdxsoft/emp-script/src/main/java/com/gdxsoft/easyweb/script/servlets/ServletWorkflow.java
/Users/admin/java/com.gdxsoft/emp-script/src/main/java/com/gdxsoft/easyweb/define/bussinessXmlCreator/BusinessXmlCreator.java
/Users/admin/java/com.gdxsoft/emp-script/src/main/java/com/gdxsoft/easyweb/script/servlets/ServletCode.java
/Users/admin/java/com.gdxsoft/emp-script/src/main/java/com/gdxsoft/easyweb/define/servlets/ServletXml.java
/Users/admin/java/com.gdxsoft/emp-script/src/main/java/com/gdxsoft/easyweb/datasource/UpdateChange.java
/Users/admin/java/com.gdxsoft/emp-script/src/main/java/com/gdxsoft/easyweb/define/group/dao/EwaModImportLog.java
/Users/admin/java/com.gdxsoft/emp-script/src/main/java/com/gdxsoft/easyweb/data/Bin2HexBinaryHandle.java
/Users/admin/java/com.gdxsoft/emp-script/src/main/java/com/gdxsoft/easyweb/define/group/GroupMsSqlTable.java
/Users/admin/java/com.gdxsoft/emp-script/src/main/java/com/gdxsoft/easyweb/define/group/FixTableOrField.java
/Users/admin/java/com.gdxsoft/emp-script/src/main/java/com/gdxsoft/easyweb/script/servlets/ServletResources.java
/Users/admin/java/com.gdxsoft/emp-script/src/main/java/com/gdxsoft/easyweb/script/display/items/ItemEwaConfigItem.java
/Users/admin/java/com.gdxsoft/emp-script/src/main/java/com/gdxsoft/easyweb/define/group/dao/EwaModDataDao.java
/Users/admin/java/com.gdxsoft/emp-script/src/main/java/com/gdxsoft/easyweb/script/display/items/ItemQRCode.java
/Users/admin/java/com.gdxsoft/emp-script/src/main/java/com/gdxsoft/easyweb/define/group/dao/EwaModDdlDao.java
/Users/admin/java/com.gdxsoft/emp-script/src/main/java/com/gdxsoft/easyweb/define/EwaDefineMenu.java
/Users/admin/java/com.gdxsoft/emp-script/src/main/java/com/gdxsoft/easyweb/define/database/maps/MapSqlTemplate.java
/Users/admin/java/com.gdxsoft/emp-script/src/main/java/com/gdxsoft/easyweb/global/EwaInfos.java
/Users/admin/java/com.gdxsoft/emp-script/src/main/java/com/gdxsoft/easyweb/script/display/MenuMain.java
/Users/admin/java/com.gdxsoft/emp-script/src/main/java/com/gdxsoft/easyweb/cache/SqlCached.java
/Users/admin/java/com.gdxsoft/emp-script/src/main/java/com/gdxsoft/easyweb/cache/SqlCachedRedisImpl.java
/Users/admin/java/com.gdxsoft/emp-script/src/main/java/com/gdxsoft/easyweb/script/template/SkinFrames.java
/Users/admin/java/com.gdxsoft/emp-script/src/main/java/com/gdxsoft/easyweb/define/group/GroupMsSqlView.java
/Users/admin/java/com.gdxsoft/emp-script/src/main/java/com/gdxsoft/easyweb/conf/ConfAddedResources.java
/Users/admin/java/com.gdxsoft/emp-script/src/main/java/com/gdxsoft/easyweb/define/group/IGroupTable.java
/Users/admin/java/com.gdxsoft/emp-script/src/main/java/com/gdxsoft/easyweb/script/HtmlControl.java
/Users/admin/java/com.gdxsoft/emp-script/src/main/java/com/gdxsoft/easyweb/debug/DebugFrames.java
/Users/admin/java/com.gdxsoft/emp-script/src/main/java/com/gdxsoft/easyweb/script/display/action/IAction.java
/Users/admin/java/com.gdxsoft/emp-script/src/main/java/com/gdxsoft/easyweb/script/Workflow/EwaWfUnitDao.java
/Users/admin/java/com.gdxsoft/emp-script/src/main/java/com/gdxsoft/easyweb/script/HtmlMobile.java
/Users/admin/java/com.gdxsoft/emp-script/src/main/java/com/gdxsoft/easyweb/cache/ConfigCache.java
/Users/admin/java/com.gdxsoft/emp-script/src/main/java/com/gdxsoft/easyweb/datasource/SearchParameter.java
/Users/admin/java/com.gdxsoft/emp-script/src/main/java/com/gdxsoft/easyweb/conf/ConfShowflake.java
/Users/admin/java/com.gdxsoft/emp-script/src/main/java/com/gdxsoft/easyweb/define/UpdateXml.java
/Users/admin/java/com.gdxsoft/emp-script/src/main/java/com/gdxsoft/easyweb/script/display/action/IActionProvider.java
/Users/admin/java/com.gdxsoft/emp-script/src/main/java/com/gdxsoft/easyweb/define/Dirs.java
/Users/admin/java/com.gdxsoft/emp-script/src/main/java/com/gdxsoft/easyweb/data/HorTable.java
/Users/admin/java/com.gdxsoft/emp-script/src/main/java/com/gdxsoft/easyweb/data/XmlData.java
/Users/admin/java/com.gdxsoft/emp-script/src/main/java/com/gdxsoft/easyweb/script/Workflow/WfUnit.java
/Users/admin/java/com.gdxsoft/emp-script/src/main/java/com/gdxsoft/easyweb/script/display/TreeViewNode.java
/Users/admin/java/com.gdxsoft/emp-script/src/main/java/com/gdxsoft/easyweb/define/group/ModuleDescription.java
/Users/admin/java/com.gdxsoft/emp-script/src/main/java/com/gdxsoft/easyweb/script/Workflow/OrgSqls.java
/Users/admin/java/com.gdxsoft/emp-script/src/main/java/com/gdxsoft/easyweb/script/display/frame/FrameList.java
/Users/admin/java/com.gdxsoft/emp-script/src/main/java/com/gdxsoft/easyweb/define/group/ModuleCopy.java
/Users/admin/java/com.gdxsoft/emp-script/src/main/java/com/gdxsoft/easyweb/script/display/items/ItemReportItem.java
/Users/admin/java/com.gdxsoft/emp-script/src/main/java/com/gdxsoft/easyweb/script/Workflow/OWfConnection.java
/Users/admin/java/com.gdxsoft/emp-script/src/main/java/com/gdxsoft/easyweb/datasource/UpdateChangeRow.java
/Users/admin/java/com.gdxsoft/emp-script/src/main/java/com/gdxsoft/easyweb/document/MsWord.java
/Users/admin/java/com.gdxsoft/emp-script/src/main/java/com/gdxsoft/easyweb/conf/EwaConfCreator.java
/Users/admin/java/com.gdxsoft/emp-script/src/main/java/com/gdxsoft/easyweb/script/display/action/JavaScript.java
/Users/admin/java/com.gdxsoft/emp-script/src/main/java/com/gdxsoft/easyweb/script/display/items/ItemSignature.java
/Users/admin/java/com.gdxsoft/emp-script/src/main/java/com/gdxsoft/easyweb/script/HtmlUploader.java
/Users/admin/java/com.gdxsoft/emp-script/src/main/java/com/gdxsoft/easyweb/script/Workflow/EwaWfDao.java
/Users/admin/java/com.gdxsoft/emp-script/src/main/java/com/gdxsoft/easyweb/script/Workflow/OWfWorkflow.java
/Users/admin/java/com.gdxsoft/emp-script/src/main/java/com/gdxsoft/easyweb/sync/Record.java
/Users/admin/java/com.gdxsoft/emp-script/src/main/java/com/gdxsoft/easyweb/utils/fileConvert/OpenOfficeInstance.java
/Users/admin/java/com.gdxsoft/emp-script/src/main/java/com/gdxsoft/easyweb/script/project/Resource.java
/Users/admin/java/com.gdxsoft/emp-script/src/main/java/com/gdxsoft/easyweb/Cert.java
/Users/admin/java/com.gdxsoft/emp-script/src/main/java/com/gdxsoft/easyweb/script/Workflow/WfUnits.java
/Users/admin/java/com.gdxsoft/emp-script/src/main/java/com/gdxsoft/easyweb/cache/CachedValueManager.java
/Users/admin/java/com.gdxsoft/emp-script/src/main/java/com/gdxsoft/easyweb/datasource/SqlPart.java
/Users/admin/java/com.gdxsoft/emp-script/src/main/java/com/gdxsoft/easyweb/define/group/GroupViewBase.java
/Users/admin/java/com.gdxsoft/emp-script/src/main/java/com/gdxsoft/easyweb/uploader/UploaderUserTemplate.java
/Users/admin/java/com.gdxsoft/emp-script/src/main/java/com/gdxsoft/easyweb/define/SyncRemote.java
/Users/admin/java/com.gdxsoft/emp-script/src/main/java/com/gdxsoft/easyweb/script/display/items/ItemUser.java
/Users/admin/java/com.gdxsoft/emp-script/src/main/java/com/gdxsoft/easyweb/script/userConfig/ResourceConfig.java
/Users/admin/java/com.gdxsoft/emp-script/src/main/java/com/gdxsoft/easyweb/define/group/dao/EwaModCfgs.java
/Users/admin/java/com.gdxsoft/emp-script/src/main/java/com/gdxsoft/easyweb/statusControl/St.java
/Users/admin/java/com.gdxsoft/emp-script/src/main/java/com/gdxsoft/easyweb/script/userConfig/UserXItem.java
/Users/admin/java/com.gdxsoft/emp-script/src/main/java/com/gdxsoft/easyweb/script/template/XItemParameterValues.java
/Users/admin/java/com.gdxsoft/emp-script/src/main/java/com/gdxsoft/easyweb/script/template/XItemParameters.java
/Users/admin/java/com.gdxsoft/emp-script/src/main/java/com/gdxsoft/easyweb/sync/Database.java
/Users/admin/java/com.gdxsoft/emp-script/src/main/java/com/gdxsoft/easyweb/datasource/DataResult.java
/Users/admin/java/com.gdxsoft/emp-script/src/main/java/com/gdxsoft/easyweb/data/DTIndex.java
/Users/admin/java/com.gdxsoft/emp-script/src/main/java/com/gdxsoft/easyweb/utils/IHandleJsonBinary.java
/Users/admin/java/com.gdxsoft/emp-script/src/main/java/com/gdxsoft/easyweb/define/bussinessXmlCreator/EwaDefineConfig.java
/Users/admin/java/com.gdxsoft/emp-script/src/main/java/com/gdxsoft/easyweb/global/EwaEvent.java
/Users/admin/java/com.gdxsoft/emp-script/src/main/java/com/gdxsoft/easyweb/define/database/SqlSyntaxCheck.java
/Users/admin/java/com.gdxsoft/emp-script/src/main/java/com/gdxsoft/easyweb/script/display/HtmlClass.java
/Users/admin/java/com.gdxsoft/emp-script/src/main/java/com/gdxsoft/easyweb/script/display/frame/FrameCombine.java
/Users/admin/java/com.gdxsoft/emp-script/src/main/java/com/gdxsoft/easyweb/define/group/dao/EwaModData.java
/Users/admin/java/com.gdxsoft/emp-script/src/main/java/com/gdxsoft/easyweb/define/Dir.java
/Users/admin/java/com.gdxsoft/emp-script/src/main/java/com/gdxsoft/easyweb/script/userConfig/UserXItems.java
/Users/admin/java/com.gdxsoft/emp-script/src/main/java/com/gdxsoft/easyweb/script/display/HtmlCombine.java
/Users/admin/java/com.gdxsoft/emp-script/src/main/java/com/gdxsoft/easyweb/script/template/EwaConfigFrame.java
/Users/admin/java/com.gdxsoft/emp-script/src/main/java/com/gdxsoft/easyweb/script/Workflow/IEwaWfNotification.java
/Users/admin/java/com.gdxsoft/emp-script/src/main/java/com/gdxsoft/easyweb/global/EwaSetting.java
/Users/admin/java/com.gdxsoft/emp-script/src/main/java/com/gdxsoft/easyweb/define/UserXml.java
/Users/admin/java/com.gdxsoft/emp-script/src/main/java/com/gdxsoft/easyweb/script/userConfig/FileConfig.java
/Users/admin/java/com.gdxsoft/emp-script/src/main/java/com/gdxsoft/easyweb/script/servlets/GZIPServletStream.java
/Users/admin/java/com.gdxsoft/emp-script/src/main/java/com/gdxsoft/easyweb/datasource/ReverseIds.java
/Users/admin/java/com.gdxsoft/emp-script/src/main/java/com/gdxsoft/easyweb/define/EwaMainInfo.java
/Users/admin/java/com.gdxsoft/emp-script/src/main/java/com/gdxsoft/easyweb/define/UserXmls.java
/Users/admin/java/com.gdxsoft/emp-script/src/main/java/com/gdxsoft/easyweb/SystemXmlUtils.java
/Users/admin/java/com.gdxsoft/emp-script/src/main/java/com/gdxsoft/easyweb/conf/ConfRequestValuesGlobal.java
/Users/admin/java/com.gdxsoft/emp-script/src/main/java/com/gdxsoft/easyweb/utils/fileConvert/Html2PdfByChrome.java
/Users/admin/java/com.gdxsoft/emp-script/src/main/java/com/gdxsoft/easyweb/script/messageQueue/MsgQueue.java
/Users/admin/java/com.gdxsoft/emp-script/src/main/java/com/gdxsoft/easyweb/define/database/DiffTable.java
/Users/admin/java/com.gdxsoft/emp-script/src/main/java/com/gdxsoft/easyweb/define/group/dao/EwaModVer.java
/Users/admin/java/com.gdxsoft/emp-script/src/main/java/com/gdxsoft/easyweb/conf/ConfHandleWebSocketMessages.java
/Users/admin/java/com.gdxsoft/emp-script/src/main/java/com/gdxsoft/easyweb/define/group/dao/EwaModVerDao.java
/Users/admin/java/com.gdxsoft/emp-script/src/main/java/com/gdxsoft/easyweb/script/display/items/ItemRepeat.java
/Users/admin/java/com.gdxsoft/emp-script/src/main/java/com/gdxsoft/easyweb/define/group/IGroupView.java
/Users/admin/java/com.gdxsoft/emp-script/src/main/java/com/gdxsoft/easyweb/data/DTTable.java
/Users/admin/java/com.gdxsoft/emp-script/src/main/java/com/gdxsoft/easyweb/script/display/action/ActionJSONSign.java
/Users/admin/java/com.gdxsoft/emp-script/src/main/java/com/gdxsoft/easyweb/script/PageValues.java
/Users/admin/java/com.gdxsoft/emp-script/src/main/java/com/gdxsoft/easyweb/define/servlets/ServletApi.java
/Users/admin/java/com.gdxsoft/emp-script/src/main/java/com/gdxsoft/easyweb/define/group/ImportTables.java
/Users/admin/java/com.gdxsoft/emp-script/src/main/java/com/gdxsoft/easyweb/conf/ConnectionConfig.java
/Users/admin/java/com.gdxsoft/emp-script/src/main/java/com/gdxsoft/easyweb/define/database/TableFk.java
/Users/admin/java/com.gdxsoft/emp-script/src/main/java/com/gdxsoft/easyweb/script/userConfig/UserXItemValue.java
/Users/admin/java/com.gdxsoft/emp-script/src/main/java/com/gdxsoft/easyweb/datasource/SqlUtils.java
/Users/admin/java/com.gdxsoft/emp-script/src/main/java/com/gdxsoft/easyweb/script/servlets/GZIPEncodableResponse.java
/Users/admin/java/com.gdxsoft/emp-script/src/main/java/com/gdxsoft/easyweb/script/display/TreeViewMain.java
/Users/admin/java/com.gdxsoft/emp-script/src/main/java/com/gdxsoft/easyweb/define/database/DataXml.java
/Users/admin/java/com.gdxsoft/emp-script/src/main/java/com/gdxsoft/easyweb/script/display/HtmlCreator.java
/Users/admin/java/com.gdxsoft/emp-script/src/main/java/com/gdxsoft/easyweb/datasource/BatchInsert.java
/Users/admin/java/com.gdxsoft/emp-script/src/main/java/com/gdxsoft/easyweb/define/FileConf2JdbcConf.java
/Users/admin/java/com.gdxsoft/emp-script/src/main/java/com/gdxsoft/easyweb/script/servlets/GZipOut.java
/Users/admin/java/com.gdxsoft/emp-script/src/main/java/com/gdxsoft/easyweb/uploader/Upload.java
/Users/admin/java/com.gdxsoft/emp-script/src/main/java/com/gdxsoft/easyweb/conf/ConfSecurity.java
/Users/admin/java/com.gdxsoft/emp-script/src/main/java/com/gdxsoft/easyweb/data/export/TxtExport.java
/Users/admin/java/com.gdxsoft/emp-script/src/main/java/com/gdxsoft/easyweb/conf/ConfScriptPath.java
/Users/admin/java/com.gdxsoft/emp-script/src/main/java/com/gdxsoft/easyweb/websocket/EwaWebSocketContainer.java
/Users/admin/java/com.gdxsoft/emp-script/src/main/java/com/gdxsoft/easyweb/define/UpdateXmlImpl.java
/Users/admin/java/com.gdxsoft/emp-script/src/main/java/com/gdxsoft/easyweb/data/DTColumn.java
/Users/admin/java/com.gdxsoft/emp-script/src/main/java/com/gdxsoft/easyweb/script/display/items/ItemDataType.java
/Users/admin/java/com.gdxsoft/emp-script/src/main/java/com/gdxsoft/easyweb/document/DocUtils.java
/Users/admin/java/com.gdxsoft/emp-script/src/main/java/com/gdxsoft/easyweb/script/template/XItem.java
/Users/admin/java/com.gdxsoft/emp-script/src/main/java/com/gdxsoft/easyweb/script/Workflow/OrgPost.java
/Users/admin/java/com.gdxsoft/emp-script/src/main/java/com/gdxsoft/easyweb/script/display/action/ActionJSONParameter.java
/Users/admin/java/com.gdxsoft/emp-script/src/main/java/com/gdxsoft/easyweb/define/servlets/UpdateCfgAction.java
/Users/admin/java/com.gdxsoft/emp-script/src/main/java/com/gdxsoft/easyweb/data/KeyValuePair.java
/Users/admin/java/com.gdxsoft/emp-script/src/main/java/com/gdxsoft/easyweb/script/display/HtmlCombineGrp.java
/Users/admin/java/com.gdxsoft/emp-script/src/main/java/com/gdxsoft/easyweb/script/restful/ApiDocumentation.java
/Users/admin/java/com.gdxsoft/emp-script/src/main/java/com/gdxsoft/easyweb/define/ConfigUtils.java
/Users/admin/java/com.gdxsoft/emp-script/src/main/java/com/gdxsoft/easyweb/define/UpdateCfgXItemData.java
/Users/admin/java/com.gdxsoft/emp-script/src/main/java/com/gdxsoft/easyweb/cache/CacheGroup.java
/Users/admin/java/com.gdxsoft/emp-script/src/main/java/com/gdxsoft/easyweb/define/database/RunSQL.java
/Users/admin/java/com.gdxsoft/emp-script/src/main/java/com/gdxsoft/easyweb/script/html/HtmlDoctype.java
/Users/admin/java/com.gdxsoft/emp-script/src/main/java/com/gdxsoft/easyweb/datasource/PageSplit.java
/Users/admin/java/com.gdxsoft/emp-script/src/main/java/com/gdxsoft/easyweb/script/servlets/ServletRestful.java
/Users/admin/java/com.gdxsoft/emp-script/src/main/java/com/gdxsoft/easyweb/define/database/maps/MapFunctions.java
/Users/admin/java/com.gdxsoft/emp-script/src/main/java/com/gdxsoft/easyweb/script/display/frame/FrameFrame.java
/Users/admin/java/com.gdxsoft/emp-script/src/main/java/com/gdxsoft/easyweb/define/group/dao/EwaMod.java
/Users/admin/java/com.gdxsoft/emp-script/src/main/java/com/gdxsoft/easyweb/datasource/ScriptPostData.java
/Users/admin/java/com.gdxsoft/emp-script/src/main/java/com/gdxsoft/easyweb/define/UpdateWorkflow.java
/Users/admin/java/com.gdxsoft/emp-script/src/main/java/com/gdxsoft/easyweb/utils/fileConvert/Html2Docx.java
/Users/admin/java/com.gdxsoft/emp-script/src/main/java/com/gdxsoft/easyweb/script/display/HtmlPage.java
/Users/admin/java/com.gdxsoft/emp-script/src/main/java/com/gdxsoft/easyweb/define/CodeFormat.java
/Users/admin/java/com.gdxsoft/emp-script/src/main/java/com/gdxsoft/easyweb/define/Sync.java
/Users/admin/java/com.gdxsoft/emp-script/src/main/java/com/gdxsoft/easyweb/script/display/frame/FrameListGroup.java
/Users/admin/java/com.gdxsoft/emp-script/src/main/java/com/gdxsoft/easyweb/define/database/maps/MapSqlTemplates.java
/Users/admin/java/com.gdxsoft/emp-script/src/main/java/com/gdxsoft/easyweb/define/SyncFile.java
/Users/admin/java/com.gdxsoft/emp-script/src/main/java/com/gdxsoft/easyweb/conf/ConfRestfuls.java
/Users/admin/java/com.gdxsoft/emp-script/src/main/java/com/gdxsoft/easyweb/conf/ConfValidOp.java
/Users/admin/java/com.gdxsoft/emp-script/src/main/java/com/gdxsoft/easyweb/script/display/HtmlUtils.java
/Users/admin/java/com.gdxsoft/emp-script/src/main/java/com/gdxsoft/easyweb/conf/ConfAddedResource.java
/Users/admin/java/com.gdxsoft/emp-script/src/main/java/com/gdxsoft/easyweb/define/DefineParameters.java
/Users/admin/java/com.gdxsoft/emp-script/src/main/java/com/gdxsoft/easyweb/script/template/XItemParameter.java
/Users/admin/java/com.gdxsoft/emp-script/src/main/java/com/gdxsoft/easyweb/script/display/frame/FrameReport.java
/Users/admin/java/com.gdxsoft/emp-script/src/main/java/com/gdxsoft/easyweb/datasource/CreateSplitData.java
/Users/admin/java/com.gdxsoft/emp-script/src/main/java/com/gdxsoft/easyweb/statusControl/StatusControl.java
/Users/admin/java/com.gdxsoft/emp-script/src/main/java/com/gdxsoft/easyweb/define/group/dao/EwaModDownloadDao.java
/Users/admin/java/com.gdxsoft/emp-script/src/main/java/com/gdxsoft/easyweb/conf/ConfExtraGlobals.java
/Users/admin/java/com.gdxsoft/emp-script/src/main/java/com/gdxsoft/easyweb/define/database/DataSql.java
/Users/admin/java/com.gdxsoft/emp-script/src/main/java/com/gdxsoft/easyweb/define/UpdateXmlBase.java
/Users/admin/java/com.gdxsoft/emp-script/src/main/java/com/gdxsoft/easyweb/define/database/MapType.java
/Users/admin/java/com.gdxsoft/emp-script/src/main/java/com/gdxsoft/easyweb/define/database/Field.java
/Users/admin/java/com.gdxsoft/emp-script/src/main/java/com/gdxsoft/easyweb/define/bussinessXmlCreator/BusinessXmlCreatorBase.java
/Users/admin/java/com.gdxsoft/emp-script/src/main/java/com/gdxsoft/easyweb/script/display/action/ActionTree.java
/Users/admin/java/com.gdxsoft/emp-script/src/main/java/com/gdxsoft/easyweb/script/template/EwaConfigItems.java
/Users/admin/java/com.gdxsoft/emp-script/src/main/java/com/gdxsoft/easyweb/define/database/Tables.java
/Users/admin/java/com.gdxsoft/emp-script/src/main/java/com/gdxsoft/easyweb/data/DTCell.java
/Users/admin/java/com.gdxsoft/emp-script/src/main/java/com/gdxsoft/easyweb/datasource/ClassBase.java
/Users/admin/java/com.gdxsoft/emp-script/src/main/java/com/gdxsoft/easyweb/define/database/TablePk.java
/Users/admin/java/com.gdxsoft/emp-script/src/main/java/com/gdxsoft/easyweb/script/display/action/ActionResult.java
/Users/admin/java/com.gdxsoft/emp-script/src/main/java/com/gdxsoft/easyweb/global/EwaValids.java
/Users/admin/java/com.gdxsoft/emp-script/src/main/java/com/gdxsoft/easyweb/acl/IAcl.java
/Users/admin/java/com.gdxsoft/emp-script/src/main/java/com/gdxsoft/easyweb/h5Storage/Resources.java
/Users/admin/java/com.gdxsoft/emp-script/src/main/java/com/gdxsoft/easyweb/script/template/SkinScriptVersion.java
/Users/admin/java/com.gdxsoft/emp-script/src/main/java/com/gdxsoft/easyweb/script/display/items/ItemButton.java
/Users/admin/java/com.gdxsoft/emp-script/src/main/java/com/gdxsoft/easyweb/define/group/dao/EwaModImportLogDao.java
/Users/admin/java/com.gdxsoft/emp-script/src/main/java/com/gdxsoft/easyweb/script/display/frame/FrameParameters.java
/Users/admin/java/com.gdxsoft/emp-script/src/main/java/com/gdxsoft/easyweb/script/restful/RestfulResult.java
/Users/admin/java/com.gdxsoft/emp-script/src/main/java/com/gdxsoft/easyweb/define/servlets/HandleRemoteSync.java
/Users/admin/java/com.gdxsoft/emp-script/src/main/java/com/gdxsoft/easyweb/cache/CacheLoadResult.java
/Users/admin/java/com.gdxsoft/emp-script/src/main/java/com/gdxsoft/easyweb/script/template/XItems.java
/Users/admin/java/com.gdxsoft/emp-script/src/main/java/com/gdxsoft/easyweb/script/display/items/ItemCombine.java
/Users/admin/java/com.gdxsoft/emp-script/src/main/java/com/gdxsoft/easyweb/script/display/items/IItem.java
/Users/admin/java/com.gdxsoft/emp-script/src/main/java/com/gdxsoft/easyweb/define/bussinessXmlCreator/BusinessXmlCreatorFrame.java
/Users/admin/java/com.gdxsoft/emp-script/src/main/java/com/gdxsoft/easyweb/websocket/LoadHandleMessage.java
/Users/admin/java/com.gdxsoft/emp-script/src/main/java/com/gdxsoft/easyweb/datasource/IClassDao.java
/Users/admin/java/com.gdxsoft/emp-script/src/main/java/com/gdxsoft/easyweb/conf/ConfSqlCached.java
/Users/admin/java/com.gdxsoft/emp-script/src/main/java/com/gdxsoft/easyweb/define/UpdateCfgSqlSetData.java
/Users/admin/java/com.gdxsoft/emp-script/src/main/java/com/gdxsoft/easyweb/script/display/frame/FrameLogic.java
/Users/admin/java/com.gdxsoft/emp-script/src/main/java/com/gdxsoft/easyweb/conf/ConfRedises.java
/Users/admin/java/com.gdxsoft/emp-script/src/main/java/com/gdxsoft/easyweb/define/DefineAcl.java
/Users/admin/java/com.gdxsoft/emp-script/src/main/java/com/gdxsoft/easyweb/script/ValidSlidePuzzle.java
/Users/admin/java/com.gdxsoft/emp-script/src/main/java/com/gdxsoft/easyweb/define/bussinessXmlCreator/BusinessXmlCreateParams.java
/Users/admin/java/com.gdxsoft/emp-script/src/main/java/com/gdxsoft/easyweb/log/ILog.java
/Users/admin/java/com.gdxsoft/emp-script/src/main/java/com/gdxsoft/easyweb/script/display/frame/FrameComplex.java
/Users/admin/java/com.gdxsoft/emp-script/src/main/java/com/gdxsoft/easyweb/document/OdtWorker.java
/Users/admin/java/com.gdxsoft/emp-script/src/main/java/com/gdxsoft/easyweb/cache/JedisKey.java
/Users/admin/java/com.gdxsoft/emp-script/src/main/java/com/gdxsoft/easyweb/script/userConfig/IConfig.java
/Users/admin/java/com.gdxsoft/emp-script/src/main/java/com/gdxsoft/easyweb/script/template/XItemParameterValue.java
/Users/admin/java/com.gdxsoft/emp-script/src/main/java/com/gdxsoft/easyweb/document/OoWord.java
/Users/admin/java/com.gdxsoft/emp-script/src/main/java/com/gdxsoft/easyweb/script/Workflow/OrgMainDemoImpl.java
/Users/admin/java/com.gdxsoft/emp-script/src/main/java/com/gdxsoft/easyweb/EwaWebPage.java
/Users/admin/java/com.gdxsoft/emp-script/src/main/java/com/gdxsoft/easyweb/script/template/SkinFrameLang.java
/Users/admin/java/com.gdxsoft/emp-script/src/main/java/com/gdxsoft/easyweb/acl/SampleAcl2.java
/Users/admin/java/com.gdxsoft/emp-script/src/main/java/com/gdxsoft/easyweb/define/SyncCfg.java
/Users/admin/java/com.gdxsoft/emp-script/src/main/java/com/gdxsoft/easyweb/script/display/action/extend/ExtOpt.java
/Users/admin/java/com.gdxsoft/emp-script/src/main/java/com/gdxsoft/easyweb/script/ValidCode.java
/Users/admin/java/com.gdxsoft/emp-script/src/main/java/com/gdxsoft/easyweb/conf/ConfEwaFunction.java
/Users/admin/java/com.gdxsoft/emp-script/src/main/java/com/gdxsoft/easyweb/script/Workflow/EwaWf.java
/Users/admin/java/com.gdxsoft/emp-script/src/main/java/com/gdxsoft/easyweb/h5Storage/Resource.java
/Users/admin/java/com.gdxsoft/emp-script/src/main/java/com/gdxsoft/easyweb/script/display/items/ItemSwitch.java
/Users/admin/java/com.gdxsoft/emp-script/src/main/java/com/gdxsoft/easyweb/define/group/ModuleImport.java
/Users/admin/java/com.gdxsoft/emp-script/src/main/java/com/gdxsoft/easyweb/script/display/TreeOtherIcons.java
/Users/admin/java/com.gdxsoft/emp-script/src/main/java/com/gdxsoft/easyweb/script/display/HtmlCombineItem.java
/Users/admin/java/com.gdxsoft/emp-script/src/main/java/com/gdxsoft/easyweb/statusControl/StV.java
/Users/admin/java/com.gdxsoft/emp-script/src/main/java/com/gdxsoft/easyweb/h5Storage/Tag.java
/Users/admin/java/com.gdxsoft/emp-script/src/main/java/com/gdxsoft/easyweb/script/display/action/ActionComplex.java
/Users/admin/java/com.gdxsoft/emp-script/src/main/java/com/gdxsoft/easyweb/websocket/EwaWebSocketBus.java
/Users/admin/java/com.gdxsoft/emp-script/src/main/java/com/gdxsoft/easyweb/script/project/PageInfo.java
/Users/admin/java/com.gdxsoft/emp-script/src/main/java/com/gdxsoft/easyweb/script/Workflow/OWfLogic.java
/Users/admin/java/com.gdxsoft/emp-script/src/main/java/com/gdxsoft/easyweb/define/database/maps/MapFieldType.java
/Users/admin/java/com.gdxsoft/emp-script/src/main/java/com/gdxsoft/easyweb/script/project/ProjectDao.java
/Users/admin/java/com.gdxsoft/emp-script/src/main/java/com/gdxsoft/easyweb/script/validOp/OpJdbcDempImpl.java
/Users/admin/java/com.gdxsoft/emp-script/src/main/java/com/gdxsoft/easyweb/script/display/items/ItemUserControl.java
/Users/admin/java/com.gdxsoft/emp-script/src/main/java/com/gdxsoft/easyweb/conf/ConfHandleWebSocketMessage.java
/Users/admin/java/com.gdxsoft/emp-script/src/main/java/com/gdxsoft/easyweb/debug/DebugRecord.java
/Users/admin/java/com.gdxsoft/emp-script/src/main/java/com/gdxsoft/easyweb/uploader/FileUpload.java
/Users/admin/java/com.gdxsoft/emp-script/src/main/java/com/gdxsoft/easyweb/define/CreateCert.java
/Users/admin/java/com.gdxsoft/emp-script/src/main/java/com/gdxsoft/easyweb/datasource/ClassDaoBase.java
/Users/admin/java/com.gdxsoft/emp-script/src/main/java/com/gdxsoft/easyweb/define/group/dao/EwaModCfgsDao.java
/Users/admin/java/com.gdxsoft/emp-script/src/main/java/com/gdxsoft/easyweb/define/group/GroupSqls.java
/Users/admin/java/com.gdxsoft/emp-script/src/main/java/com/gdxsoft/easyweb/data/DTIndexes.java
/Users/admin/java/com.gdxsoft/emp-script/src/main/java/com/gdxsoft/easyweb/define/database/Schema.java
/Users/admin/java/com.gdxsoft/emp-script/src/main/java/com/gdxsoft/easyweb/script/ValidCode1.java
/Users/admin/java/com.gdxsoft/emp-script/src/main/java/com/gdxsoft/easyweb/function/EwaFunctions.java
/Users/admin/java/com.gdxsoft/emp-script/src/main/java/com/gdxsoft/easyweb/script/display/items/ItemComplex.java
/Users/admin/java/com.gdxsoft/emp-script/src/main/java/com/gdxsoft/easyweb/define/database/TableIndex.java
/Users/admin/java/com.gdxsoft/emp-script/src/main/java/com/gdxsoft/easyweb/script/display/SysParameters.java
/Users/admin/java/com.gdxsoft/emp-script/src/main/java/com/gdxsoft/easyweb/define/SyncRemotes.java
/Users/admin/java/com.gdxsoft/emp-script/src/main/java/com/gdxsoft/easyweb/utils/fileConvert/File2Pdf.java
/Users/admin/java/com.gdxsoft/emp-script/src/main/java/com/gdxsoft/easyweb/conf/ConfNameValuePair.java
/Users/admin/java/com.gdxsoft/emp-script/src/main/java/com/gdxsoft/easyweb/script/template/Description.java
/Users/admin/java/com.gdxsoft/emp-script/src/main/java/com/gdxsoft/easyweb/conf/ConfScriptPaths.java
/Users/admin/java/com.gdxsoft/emp-script/src/main/java/com/gdxsoft/easyweb/cache/CachedValue.java
/Users/admin/java/com.gdxsoft/emp-script/src/main/java/com/gdxsoft/easyweb/define/group/GroupMySqlView.java
/Users/admin/java/com.gdxsoft/emp-script/src/main/java/com/gdxsoft/easyweb/script/Workflow/SysCfg/InnerPara.java
/Users/admin/java/com.gdxsoft/emp-script/src/main/java/com/gdxsoft/easyweb/datasource/SqlIdentifierValidator.java
/Users/admin/java/com.gdxsoft/emp-script/src/main/java/com/gdxsoft/easyweb/conf/ConfExtraGlobal.java
/Users/admin/java/com.gdxsoft/emp-script/src/main/java/com/gdxsoft/easyweb/define/servlets/ServletIndex.java
/Users/admin/java/com.gdxsoft/emp-script/src/main/java/com/gdxsoft/easyweb/script/display/frame/FrameMenu.java
/Users/admin/java/com.gdxsoft/emp-script/src/main/java/com/gdxsoft/easyweb/script/InitValues.java
/Users/admin/java/com.gdxsoft/emp-script/src/main/java/com/gdxsoft/easyweb/cache/SqlCachedHsqldbImpl.java
/Users/admin/java/com.gdxsoft/emp-script/src/main/java/com/gdxsoft/easyweb/define/group/ModuleExport.java
/Users/admin/java/com.gdxsoft/emp-script/src/main/java/com/gdxsoft/easyweb/script/project/ResourceDao.java
/Users/admin/java/com.gdxsoft/emp-script/src/main/java/com/gdxsoft/easyweb/define/group/Exchange.java
/Users/admin/java/com.gdxsoft/emp-script/src/main/java/com/gdxsoft/easyweb/script/servlets/ServletStatus.java
/Users/admin/java/com.gdxsoft/emp-script/src/main/java/com/gdxsoft/easyweb/script/ShortNames.java
/Users/admin/java/com.gdxsoft/emp-script/src/main/java/com/gdxsoft/easyweb/utils/UDataUtils.java
/Users/admin/java/com.gdxsoft/emp-script/src/main/java/com/gdxsoft/easyweb/websocket/RvConfigure.java
/Users/admin/java/com.gdxsoft/emp-script/src/main/java/com/gdxsoft/easyweb/define/group/SqlTable.java
/Users/admin/java/com.gdxsoft/emp-script/src/main/java/com/gdxsoft/easyweb/define/database/MapDatabaseTypes.java
/Users/admin/java/com.gdxsoft/emp-script/src/main/java/com/gdxsoft/easyweb/define/group/GroupTableBase.java
/Users/admin/java/com.gdxsoft/emp-script/src/main/java/com/gdxsoft/easyweb/EwaShortName.java
/Users/admin/java/com.gdxsoft/emp-script/src/main/java/com/gdxsoft/easyweb/define/database/Triger.java
/Users/admin/java/com.gdxsoft/emp-script/src/main/java/com/gdxsoft/easyweb/script/display/action/CommonSqls.java
/Users/admin/java/com.gdxsoft/emp-script/src/main/java/com/gdxsoft/easyweb/conf/ConnectionConfigs.java
/Users/admin/java/com.gdxsoft/emp-script/src/main/java/com/gdxsoft/easyweb/datasource/EwaSqlFunctions.java
/Users/admin/java/com.gdxsoft/emp-script/src/main/java/com/gdxsoft/easyweb/script/display/MenuItem.java
/Users/admin/java/com.gdxsoft/emp-script/src/main/java/com/gdxsoft/easyweb/uploader/BeanControler.java
/Users/admin/java/com.gdxsoft/emp-script/src/main/java/com/gdxsoft/easyweb/uploader/FileUploadListener.java
/Users/admin/java/com.gdxsoft/emp-script/src/main/java/com/gdxsoft/easyweb/script/Workflow/OWfManager.java
/Users/admin/java/com.gdxsoft/emp-script/src/main/java/com/gdxsoft/easyweb/script/display/ItemFormat.java
/Users/admin/java/com.gdxsoft/emp-script/src/main/java/com/gdxsoft/easyweb/script/template/EwaConfigFrames.java
/Users/admin/java/com.gdxsoft/emp-script/src/main/java/com/gdxsoft/easyweb/datasource/SearchParameterInit.java
/Users/admin/java/com.gdxsoft/emp-script/src/main/java/com/gdxsoft/easyweb/define/IUpdateXml.java
/Users/admin/java/com.gdxsoft/emp-script/src/main/java/com/gdxsoft/easyweb/script/userConfig/ConfigBase.java
/Users/admin/java/com.gdxsoft/emp-script/src/main/java/com/gdxsoft/easyweb/statusControl/Fm.java
/Users/admin/java/com.gdxsoft/emp-script/src/main/java/com/gdxsoft/easyweb/log/Log.java
/Users/admin/java/com.gdxsoft/emp-script/src/main/java/com/gdxsoft/easyweb/statusControl/LgV.java
/Users/admin/java/com.gdxsoft/emp-script/src/main/java/com/gdxsoft/easyweb/script/Workflow/WfRst.java
/Users/admin/java/com.gdxsoft/emp-script/src/main/java/com/gdxsoft/easyweb/utils/UCombine.java
/Users/admin/java/com.gdxsoft/emp-script/src/main/java/com/gdxsoft/easyweb/cache/ConfigStatus.java
/Users/admin/java/com.gdxsoft/emp-script/src/main/java/com/gdxsoft/easyweb/script/display/action/ActionJsonDdl.java
/Users/admin/java/com.gdxsoft/emp-script/src/main/java/com/gdxsoft/easyweb/define/database/DiffTables.java
/Users/admin/java/com.gdxsoft/emp-script/src/main/java/com/gdxsoft/easyweb/datasource/EwaSqlFunction.java
/Users/admin/java/com.gdxsoft/emp-script/src/main/java/com/gdxsoft/easyweb/conf/ConfSecurities.java
/Users/admin/java/com.gdxsoft/emp-script/src/main/java/com/gdxsoft/easyweb/script/Workflow/EwaWfCnnDao.java
/Users/admin/java/com.gdxsoft/emp-script/src/main/java/com/gdxsoft/easyweb/script/template/SetBase.java
/Users/admin/java/com.gdxsoft/emp-script/src/main/java/com/gdxsoft/easyweb/conf/ConfEwaFunctions.java
/Users/admin/java/com.gdxsoft/emp-script/src/main/java/com/gdxsoft/easyweb/utils/UObjectValue.java
/Users/admin/java/com.gdxsoft/emp-script/src/main/java/com/gdxsoft/easyweb/datasource/DataConnection.java
/Users/admin/java/com.gdxsoft/emp-script/src/main/java/com/gdxsoft/easyweb/define/database/MapTypes.java
/Users/admin/java/com.gdxsoft/emp-script/src/main/java/com/gdxsoft/easyweb/utils/USnowflake.java
/Users/admin/java/com.gdxsoft/emp-script/src/main/java/com/gdxsoft/easyweb/script/display/action/ActionJSON.java
/Users/admin/java/com.gdxsoft/emp-script/src/main/java/com/gdxsoft/easyweb/script/display/action/ActionListFrame.java
/Users/admin/java/com.gdxsoft/emp-script/src/main/java/com/gdxsoft/easyweb/script/template/Descriptions.java
/Users/admin/java/com.gdxsoft/emp-script/src/main/java/com/gdxsoft/easyweb/script/display/action/ActionJSONParameterListTag.java
/Users/admin/java/com.gdxsoft/emp-script/src/main/java/com/gdxsoft/easyweb/document/OdfLevel.java
/Users/admin/java/com.gdxsoft/emp-script/src/main/java/com/gdxsoft/easyweb/define/UpdateXmlJdbcImpl.java
/Users/admin/java/com.gdxsoft/emp-script/src/main/java/com/gdxsoft/easyweb/script/display/ItemValues.java
/Users/admin/java/com.gdxsoft/emp-script/src/main/java/com/gdxsoft/easyweb/data/Bin2Base64BinaryHandle.java
/Users/admin/java/com.gdxsoft/emp-script/src/main/java/com/gdxsoft/easyweb/define/database/maps/Maps.java
/Users/admin/java/com.gdxsoft/emp-script/src/main/java/com/gdxsoft/easyweb/data/export/ExcelExport.java
/Users/admin/java/com.gdxsoft/emp-script/src/main/java/com/gdxsoft/easyweb/debug/DebugFrame.java
/Users/admin/java/com.gdxsoft/emp-script/src/main/java/com/gdxsoft/easyweb/script/display/items/ItemImage.java
/Users/admin/java/com.gdxsoft/emp-script/src/main/java/com/gdxsoft/easyweb/script/display/frame/IFrame.java
/Users/admin/java/com.gdxsoft/emp-script/src/main/java/com/gdxsoft/easyweb/script/servlets/ServletError.java
/Users/admin/java/com.gdxsoft/emp-script/src/main/java/com/gdxsoft/easyweb/script/display/frame/FrameBase.java
/Users/admin/java/com.gdxsoft/emp-script/src/main/java/com/gdxsoft/easyweb/data/export/XmlExport.java
/Users/admin/java/com.gdxsoft/emp-script/src/main/java/com/gdxsoft/easyweb/define/UpdateCfgScriptSetData.java
/Users/admin/java/com.gdxsoft/emp-script/src/main/java/com/gdxsoft/easyweb/cache/CachedXmlFileMeta.java
/Users/admin/java/com.gdxsoft/emp-script/src/main/java/com/gdxsoft/easyweb/define/database/maps/MapFieldTypes.java
/Users/admin/java/com.gdxsoft/emp-script/src/main/java/com/gdxsoft/easyweb/define/UpdateCfgXml.java
/Users/admin/java/com.gdxsoft/emp-script/src/main/java/com/gdxsoft/easyweb/h5Storage/Group.java
/Users/admin/java/com.gdxsoft/emp-script/src/main/java/com/gdxsoft/easyweb/websocket/EwaWebSocketConfigure.java
/Users/admin/java/com.gdxsoft/emp-script/src/main/java/com/gdxsoft/easyweb/global/EwaEvents.java
/Users/admin/java/com.gdxsoft/emp-script/src/main/java/com/gdxsoft/easyweb/define/group/ModulePublish.java
/Users/admin/java/com.gdxsoft/emp-script/src/main/java/com/gdxsoft/easyweb/script/servlets/ServletCrossDomain.java
/Users/admin/java/com.gdxsoft/emp-script/src/main/java/com/gdxsoft/easyweb/data/DefaultBinaryHandle.java
/Users/admin/java/com.gdxsoft/emp-script/src/main/java/com/gdxsoft/easyweb/websocket/IHandleMsg.java
/Users/admin/java/com.gdxsoft/emp-script/src/main/java/com/gdxsoft/easyweb/script/Workflow/OrgDept.java
/Users/admin/java/com.gdxsoft/emp-script/src/main/java/com/gdxsoft/easyweb/debug/DebugRecords.java
/Users/admin/java/com.gdxsoft/emp-script/src/main/java/com/gdxsoft/easyweb/script/validOp/OpSessionImpl.java
/Users/admin/java/com.gdxsoft/emp-script/src/main/java/com/gdxsoft/easyweb/utils/fileConvert/File2Html.java
/Users/admin/java/com.gdxsoft/emp-script/src/main/java/com/gdxsoft/easyweb/function/Snowflake.java
/Users/admin/java/com.gdxsoft/emp-script/src/main/java/com/gdxsoft/easyweb/global/EwaSettings.java
/Users/admin/java/com.gdxsoft/emp-script/src/main/java/com/gdxsoft/easyweb/cache/ISqlCached.java
/Users/admin/java/com.gdxsoft/emp-script/src/main/java/com/gdxsoft/easyweb/script/servlets/ServletUpload.java
/Users/admin/java/com.gdxsoft/emp-script/src/main/java/com/gdxsoft/easyweb/datasource/UpdateChanges.java
/Users/admin/java/com.gdxsoft/emp-script/src/main/java/com/gdxsoft/easyweb/define/database/IndexField.java
/Users/admin/java/com.gdxsoft/emp-script/src/main/java/com/gdxsoft/easyweb/script/validOp/IOp.java
/Users/admin/java/com.gdxsoft/emp-script/src/main/java/com/gdxsoft/easyweb/define/database/Fields.java
/Users/admin/java/com.gdxsoft/emp-script/src/main/java/com/gdxsoft/easyweb/define/UserXmlItem.java
/Users/admin/java/com.gdxsoft/emp-script/src/main/java/com/gdxsoft/easyweb/script/Workflow/OWfUnit.java
/Users/admin/java/com.gdxsoft/emp-script/src/main/java/com/gdxsoft/easyweb/global/EwaInfo.java
/Users/admin/java/com.gdxsoft/emp-script/src/main/java/com/gdxsoft/easyweb/log/LogBase.java
/Users/admin/java/com.gdxsoft/emp-script/src/main/java/com/gdxsoft/easyweb/script/display/action/ActionSqlSetItem.java
/Users/admin/java/com.gdxsoft/emp-script/src/main/java/com/gdxsoft/easyweb/script/template/SkinFrame.java
/Users/admin/java/com.gdxsoft/emp-script/src/main/java/com/gdxsoft/easyweb/script/Workflow/EwaWfUnit.java
/Users/admin/java/com.gdxsoft/emp-script/src/main/java/com/gdxsoft/easyweb/script/template/Skin.java
/Users/admin/java/com.gdxsoft/emp-script/src/main/java/com/gdxsoft/easyweb/acl/SampleAcl.java
/Users/admin/java/com.gdxsoft/emp-script/src/main/java/com/gdxsoft/easyweb/datasource/DataSourceShutdownListener.java
/Users/admin/java/com.gdxsoft/emp-script/src/main/java/com/gdxsoft/easyweb/script/userConfig/JdbcConfigOperation.java
/Users/admin/java/com.gdxsoft/emp-script/src/main/java/com/gdxsoft/easyweb/cache/ConfigCacheWidthSqlCached.java
/Users/admin/java/com.gdxsoft/emp-script/src/main/java/com/gdxsoft/easyweb/log/SampleLog.java
/Users/admin/java/com.gdxsoft/emp-script/src/main/java/com/gdxsoft/easyweb/utils/HandleJsonBinaryBase64Impl.java
/Users/admin/java/com.gdxsoft/emp-script/src/main/java/com/gdxsoft/easyweb/script/Workflow/EwaWfCnn.java
/Users/admin/java/com.gdxsoft/emp-script/src/main/java/com/gdxsoft/easyweb/global/EwaGlobals.java
/Users/admin/java/com.gdxsoft/emp-script/src/main/java/com/gdxsoft/easyweb/script/Workflow/EwaWfMain.java
/Users/admin/java/com.gdxsoft/emp-script/src/main/java/com/gdxsoft/easyweb/conf/ConfRedis.java
/Users/admin/java/com.gdxsoft/emp-script/src/main/java/com/gdxsoft/easyweb/websocket/HandleEwaImpl.java
/Users/admin/java/com.gdxsoft/emp-script/src/main/java/com/gdxsoft/easyweb/script/html/HtmlScripts.java
/Users/admin/java/com.gdxsoft/emp-script/src/main/java/com/gdxsoft/easyweb/uploader/PostData.java
/Users/admin/java/com.gdxsoft/emp-script/src/main/java/com/gdxsoft/easyweb/define/database/maps/MapFunction.java
/Users/admin/java/com.gdxsoft/emp-script/src/main/java/com/gdxsoft/easyweb/define/servlets/ApiTokenValidator.java
/Users/admin/java/com.gdxsoft/emp-script/src/main/java/com/gdxsoft/easyweb/script/display/frame/FrameMultiGrid.java
/Users/admin/java/com.gdxsoft/emp-script/src/main/java/com/gdxsoft/easyweb/script/PageValueTag.java
/Users/admin/java/com.gdxsoft/emp-script/src/main/java/com/gdxsoft/easyweb/script/userConfig/UserXItemValues.java
/Users/admin/java/com.gdxsoft/emp-script/src/main/java/com/gdxsoft/easyweb/script/display/action/extend/ExtOpts.java
/Users/admin/java/com.gdxsoft/emp-script/src/main/java/com/gdxsoft/easyweb/define/group/dao/EwaModDownload.java
/Users/admin/java/com.gdxsoft/emp-script/src/main/java/com/gdxsoft/easyweb/define/bussinessXmlCreator/EwaDefineSettings.java
/Users/admin/java/com.gdxsoft/emp-script/src/main/java/com/gdxsoft/easyweb/data/DTRows.java
/Users/admin/java/com.gdxsoft/emp-script/src/main/java/com/gdxsoft/easyweb/conf/ConfDefine.java
/Users/admin/java/com.gdxsoft/emp-script/src/main/java/com/gdxsoft/easyweb/data/IBinaryHandle.java
/Users/admin/java/com.gdxsoft/emp-script/src/main/java/com/gdxsoft/easyweb/script/display/action/ActionFrame.java
/Users/admin/java/com.gdxsoft/emp-script/src/main/java/com/gdxsoft/easyweb/script/display/items/ItemBase.java
/Users/admin/java/com.gdxsoft/emp-script/src/main/java/com/gdxsoft/easyweb/script/display/TreeOtherIcon.java
/Users/admin/java/com.gdxsoft/emp-script/src/main/java/com/gdxsoft/easyweb/define/UserDirXmls.java
/Users/admin/java/com.gdxsoft/emp-script/src/main/java/com/gdxsoft/easyweb/data/DTRow.java
/Users/admin/java/com.gdxsoft/emp-script/src/main/java/com/gdxsoft/easyweb/script/servlets/ServletMain.java
/Users/admin/java/com.gdxsoft/emp-script/src/main/java/com/gdxsoft/easyweb/define/group/dao/EwaModDdl.java
/Users/admin/java/com.gdxsoft/emp-script/src/main/java/com/gdxsoft/easyweb/script/messageQueue/MsgBody.java
