com/gdxsoft/easyweb/utils/fileConvert/WrapperConvertTest.class
com/gdxsoft/easyweb/testutils/SqlImporter.class
com/gdxsoft/easyweb/test/TestTableImport.class
com/gdxsoft/easyweb/test/TestTableExport.class
com/gdxsoft/easyweb/utils/fileConvert/FileConvertTest.class
com/gdxsoft/easyweb/test/TestEwaReverseIds.class
com/gdxsoft/easyweb/define/database/FieldsSqlTest.class
com/gdxsoft/easyweb/define/UpdateCfgXmlTest.class
com/gdxsoft/easyweb/cache/ConfigCacheTest.class
com/gdxsoft/easyweb/test/TestDatasource.class
com/gdxsoft/easyweb/test/TestEwaFunction.class
com/gdxsoft/easyweb/test/TestBootJar.class
com/gdxsoft/easyweb/test/TestRegex.class
com/gdxsoft/easyweb/document/DocUtilsTest.class
com/gdxsoft/easyweb/test/TestUserDirXmls.class
com/gdxsoft/easyweb/define/bussinessXmlCreator/SqlServerConnectionTest.class
com/gdxsoft/easyweb/define/database/TableToJsonTest.class
com/gdxsoft/easyweb/test/TestModuleDownloadFromServer.class
com/gdxsoft/easyweb/define/bussinessXmlCreator/SqlValidatorTest.class
com/gdxsoft/easyweb/test/TestItem.class
com/gdxsoft/easyweb/utils/fileConvert/OpenOfficeInstanceTest.class
com/gdxsoft/easyweb/test/TestFileConvert.class
com/gdxsoft/easyweb/utils/fileConvert/Html2PdfByChromeTest.class
com/gdxsoft/easyweb/test/TestEwaConfig.class
com/gdxsoft/easyweb/define/bussinessXmlCreator/BusinessXmlCreateParamsTest.class
com/gdxsoft/easyweb/test/TestBase.class
