/Users/admin/java/com.gdxsoft/emp-script/src/test/java/com/gdxsoft/easyweb/test/TestModuleDownloadFromServer.java
/Users/admin/java/com.gdxsoft/emp-script/src/test/java/com/gdxsoft/easyweb/test/TestBase.java
/Users/admin/java/com.gdxsoft/emp-script/src/test/java/com/gdxsoft/easyweb/define/UpdateCfgXmlTest.java
/Users/admin/java/com.gdxsoft/emp-script/src/test/java/com/gdxsoft/easyweb/test/TestEwaConfig.java
/Users/admin/java/com.gdxsoft/emp-script/src/test/java/com/gdxsoft/easyweb/utils/fileConvert/FileConvertTest.java
/Users/admin/java/com.gdxsoft/emp-script/src/test/java/com/gdxsoft/easyweb/test/TestUserDirXmls.java
/Users/admin/java/com.gdxsoft/emp-script/src/test/java/com/gdxsoft/easyweb/define/database/FieldsSqlTest.java
/Users/admin/java/com.gdxsoft/emp-script/src/test/java/com/gdxsoft/easyweb/test/TestFileConvert.java
/Users/admin/java/com.gdxsoft/emp-script/src/test/java/com/gdxsoft/easyweb/define/bussinessXmlCreator/BusinessXmlCreateParamsTest.java
/Users/admin/java/com.gdxsoft/emp-script/src/test/java/com/gdxsoft/easyweb/utils/fileConvert/WrapperConvertTest.java
/Users/admin/java/com.gdxsoft/emp-script/src/test/java/com/gdxsoft/easyweb/document/DocUtilsTest.java
/Users/admin/java/com.gdxsoft/emp-script/src/test/java/com/gdxsoft/easyweb/utils/fileConvert/OpenOfficeInstanceTest.java
/Users/admin/java/com.gdxsoft/emp-script/src/test/java/com/gdxsoft/easyweb/testutils/SqlImporter.java
/Users/admin/java/com.gdxsoft/emp-script/src/test/java/com/gdxsoft/easyweb/test/TestRegex.java
/Users/admin/java/com.gdxsoft/emp-script/src/test/java/com/gdxsoft/easyweb/utils/fileConvert/Html2PdfByChromeTest.java
/Users/admin/java/com.gdxsoft/emp-script/src/test/java/com/gdxsoft/easyweb/test/TestDatasource.java
/Users/admin/java/com.gdxsoft/emp-script/src/test/java/com/gdxsoft/easyweb/test/TestTableExport.java
/Users/admin/java/com.gdxsoft/emp-script/src/test/java/com/gdxsoft/easyweb/define/bussinessXmlCreator/SqlServerConnectionTest.java
/Users/admin/java/com.gdxsoft/emp-script/src/test/java/com/gdxsoft/easyweb/test/TestBootJar.java
/Users/admin/java/com.gdxsoft/emp-script/src/test/java/com/gdxsoft/easyweb/define/bussinessXmlCreator/SqlValidatorTest.java
/Users/admin/java/com.gdxsoft/emp-script/src/test/java/com/gdxsoft/easyweb/test/TestTableImport.java
/Users/admin/java/com.gdxsoft/emp-script/src/test/java/com/gdxsoft/easyweb/cache/ConfigCacheTest.java
/Users/admin/java/com.gdxsoft/emp-script/src/test/java/com/gdxsoft/easyweb/define/database/TableToJsonTest.java
/Users/admin/java/com.gdxsoft/emp-script/src/test/java/com/gdxsoft/easyweb/test/TestItem.java
/Users/admin/java/com.gdxsoft/emp-script/src/test/java/com/gdxsoft/easyweb/test/TestEwaFunction.java
/Users/admin/java/com.gdxsoft/emp-script/src/test/java/com/gdxsoft/easyweb/test/TestEwaReverseIds.java
